[themetechmount.com/html/nutricare/header-classic.html]
[backblue.gif]
[fade.gif]
[index.html]
[themetechmount.com/html/nutricare/images/favicon.png]
[themetechmount.com/html/nutricare/index.html]
[themetechmount.com/html/nutricare/images/logo-img.png]
[themetechmount.com/html/nutricare/home-2.html]
[themetechmount.com/html/nutricare/home-3.html]
[themetechmount.com/html/nutricare/home-4.html]
[themetechmount.com/html/nutricare/home-5.html]
[themetechmount.com/html/nutricare/header-overlay.html]
[themetechmount.com/html/nutricare/aboutus-1.html]
[themetechmount.com/html/nutricare/aboutus-2.html]
[themetechmount.com/html/nutricare/services.html]
[themetechmount.com/html/nutricare/our-team.html]
[themetechmount.com/html/nutricare/success-story.html]
[themetechmount.com/html/nutricare/classes.html]
[themetechmount.com/html/nutricare/meal-plan.html]
[themetechmount.com/html/nutricare/contact-us.html]
[themetechmount.com/html/nutricare/faq.html]
[themetechmount.com/html/nutricare/error.html]
[themetechmount.com/html/nutricare/element.html]
[themetechmount.com/html/nutricare/personalized-nutrition.html]
[themetechmount.com/html/nutricare/weight-loss-programs.html]
[themetechmount.com/html/nutricare/workout-routines.html]
[themetechmount.com/html/nutricare/sports-nutritionist.html]
[themetechmount.com/html/nutricare/individual-coaching.html]
[themetechmount.com/html/nutricare/child-nutrition.html]
[themetechmount.com/html/nutricare/portfolio-style-1.html]
[themetechmount.com/html/nutricare/portfolio-style-2.html]
[themetechmount.com/html/nutricare/portfolio-style-3.html]
[themetechmount.com/html/nutricare/blog.html]
[themetechmount.com/html/nutricare/blog-grid.html]
[themetechmount.com/html/nutricare/blog-left-image.html]
[themetechmount.com/html/nutricare/single-blog.html]
[themetechmount.com/html/nutricare/home-shop.html]
[themetechmount.com/html/nutricare/shop.html]
[themetechmount.com/html/nutricare/product-details.html]
[themetechmount.com/html/nutricare/cart.html]
[themetechmount.com/html/nutricare/checkout.html]
[themetechmount.com/html/nutricare/images/slides/slider-mainbg-001.jpg]
[themetechmount.com/html/nutricare/images/slides/slider-mainbg-006.jpg]
[themetechmount.com/html/nutricare/images/slides/slider-mainbg-003.jpg]
[themetechmount.com/html/nutricare/images/single-img-seven.png]
[themetechmount.com/html/nutricare/images/blog/05.jpg]
[themetechmount.com/html/nutricare/images/blog/06.jpg]
[themetechmount.com/html/nutricare/images/blog/07.jpg]
[themetechmount.com/html/nutricare/images/blog/08.jpg]
[themetechmount.com/html/nutricare/images/blog/02.jpg]
[themetechmount.com/html/nutricare/images/bg-image/col-bgimage-9.jpg]
[themetechmount.com/html/nutricare/images/portfolio/02.jpg]
[themetechmount.com/html/nutricare/images/portfolio/01.jpg]
[themetechmount.com/html/nutricare/images/portfolio/03.jpg]
[themetechmount.com/html/nutricare/images/portfolio/04.jpg]
[themetechmount.com/html/nutricare/images/portfolio/05.jpg]
[themetechmount.com/html/nutricare/images/testimonial/01.png]
[themetechmount.com/html/nutricare/images/testimonial/02.png]
[themetechmount.com/html/nutricare/images/testimonial/03.png]
[themetechmount.com/html/nutricare/images/blog/04.jpg]
[themetechmount.com/html/nutricare/images/blog/03.jpg]
[themetechmount.com/html/nutricare/images/blog/09.jpg]
[themetechmount.com/html/nutricare/images/client/client-01.png]
[themetechmount.com/html/nutricare/images/client/client-02.png]
[themetechmount.com/html/nutricare/images/client/client-03.png]
[themetechmount.com/html/nutricare/images/client/client-04.png]
[themetechmount.com/html/nutricare/images/client/client-05.png]
[themetechmount.com/html/nutricare/images/client/client-06.png]
[themetechmount.com/html/nutricare/images/app-button-01.png]
[themetechmount.com/html/nutricare/images/app-button-02.png]
[themetechmount.com/html/nutricare/images/footer-logo.png]
[themetechmount.com/html/nutricare/images/blog/post-1.jpg]
[themetechmount.com/html/nutricare/images/blog/post-2.jpg]
[themetechmount.com/html/nutricare/images/blog/post-3.jpg]
[themetechmount.com/html/nutricare/header-classic.html]
[themetechmount.com/html/nutricare/css/bootstrap.min.css]
[themetechmount.com/html/nutricare/css/animate.css]
[themetechmount.com/html/nutricare/css/owl.carousel.css]
[themetechmount.com/html/nutricare/fonts/fontawesome-webfont3e6e.eot]
[themetechmount.com/html/nutricare/fonts/fontawesome-webfontd41d.eot]
[themetechmount.com/html/nutricare/fonts/fontawesome-webfont3e6e.woff2]
[themetechmount.com/html/nutricare/fonts/fontawesome-webfont3e6e.woff]
[themetechmount.com/html/nutricare/fonts/fontawesome-webfont3e6e.ttf]
[themetechmount.com/html/nutricare/css/font-awesome.css]
[themetechmount.com/html/nutricare/fonts/themify9f24.eot]
[themetechmount.com/html/nutricare/fonts/themifyd41d.eot]
[themetechmount.com/html/nutricare/fonts/themify9f24.woff]
[themetechmount.com/html/nutricare/fonts/themify9f24.ttf]
[themetechmount.com/html/nutricare/css/themify-icons.css]
[themetechmount.com/html/nutricare/fonts/Flaticon.eot]
[themetechmount.com/html/nutricare/fonts/Flaticond41d.eot]
[themetechmount.com/html/nutricare/fonts/Flaticon.woff2]
[themetechmount.com/html/nutricare/fonts/Flaticon.woff]
[themetechmount.com/html/nutricare/fonts/Flaticon.ttf]
[themetechmount.com/html/nutricare/css/flaticon.css]
[themetechmount.com/html/nutricare/revolution/css/layers.css]
[themetechmount.com/html/nutricare/revolution/fonts/revicons/revicons90c690c6.eot]
[themetechmount.com/html/nutricare/revolution/fonts/revicons/revicons90c690c6.woff]
[themetechmount.com/html/nutricare/revolution/fonts/revicons/revicons90c690c6.ttf]
[themetechmount.com/html/nutricare/revolution/assets/loader.gif]
[themetechmount.com/html/nutricare/revolution/css/settings.css]
[themetechmount.com/html/nutricare/images/prettyPhoto/default/sprite.png]
[themetechmount.com/html/nutricare/images/prettyPhoto/default/sprite_x.png]
[themetechmount.com/html/nutricare/images/prettyPhoto/default/sprite_y.png]
[themetechmount.com/html/nutricare/images/prettyPhoto/default/sprite_next.png]
[themetechmount.com/html/nutricare/images/prettyPhoto/default/sprite_prev.png]
[themetechmount.com/html/nutricare/images/prettyPhoto/default/default_thumb.png]
[themetechmount.com/html/nutricare/images/prettyPhoto/default/loader.gif]
[themetechmount.com/html/nutricare/images/prettyPhoto/light_rounded/sprite.png]
[themetechmount.com/html/nutricare/images/prettyPhoto/light_rounded/btnNext.png]
[themetechmount.com/html/nutricare/images/prettyPhoto/light_rounded/btnPrevious.png]
[themetechmount.com/html/nutricare/images/prettyPhoto/dark_rounded/sprite.png]
[themetechmount.com/html/nutricare/images/prettyPhoto/dark_rounded/contentPattern.png]
[themetechmount.com/html/nutricare/images/prettyPhoto/dark_rounded/btnNext.png]
[themetechmount.com/html/nutricare/images/prettyPhoto/dark_rounded/btnPrevious.png]
[themetechmount.com/html/nutricare/images/prettyPhoto/dark_rounded/loader.gif]
[themetechmount.com/html/nutricare/images/prettyPhoto/dark_square/loader.gif]
[themetechmount.com/html/nutricare/images/prettyPhoto/dark_square/sprite.png]
[themetechmount.com/html/nutricare/images/prettyPhoto/dark_square/btnNext.png]
[themetechmount.com/html/nutricare/images/prettyPhoto/dark_square/btnPrevious.png]
[themetechmount.com/html/nutricare/images/prettyPhoto/light_square/sprite.png]
[themetechmount.com/html/nutricare/images/prettyPhoto/light_square/btnNext.png]
[themetechmount.com/html/nutricare/images/prettyPhoto/light_square/btnPrevious.png]
[themetechmount.com/html/nutricare/images/prettyPhoto/facebook/sprite.png]
[themetechmount.com/html/nutricare/images/prettyPhoto/facebook/contentPatternTop.png]
[themetechmount.com/html/nutricare/images/prettyPhoto/facebook/contentPatternLeft.png]
[themetechmount.com/html/nutricare/images/prettyPhoto/facebook/contentPatternRight.png]
[themetechmount.com/html/nutricare/images/prettyPhoto/facebook/loader.gif]
[themetechmount.com/html/nutricare/images/prettyPhoto/facebook/btnNext.png]
[themetechmount.com/html/nutricare/images/prettyPhoto/facebook/btnPrevious.png]
[themetechmount.com/html/nutricare/images/prettyPhoto/facebook/contentPatternBottom.png]
[themetechmount.com/html/nutricare/images/prettyPhoto/facebook/default_thumbnail.gif]
[themetechmount.com/html/nutricare/images/prettyPhoto/light_rounded/loader.gif]
[themetechmount.com/html/nutricare/css/prettyPhoto.css]
[themetechmount.com/html/nutricare/images/bg-image/row-bgimage-1.jpg]
[themetechmount.com/html/nutricare/images/bg-image/row-bgimage-2.jpg]
[themetechmount.com/html/nutricare/images/bg-image/row-bgimage-3.jpg]
[themetechmount.com/html/nutricare/images/bg-image/row-bgimage-4.jpg]
[themetechmount.com/html/nutricare/images/bg-image/row-bgimage-5.jpg]
[themetechmount.com/html/nutricare/images/bg-image/row-bgimage-6.jpg]
[themetechmount.com/html/nutricare/images/bg-image/row-bgimage-7.jpg]
[themetechmount.com/html/nutricare/images/bg-image/row-bgimage-8.jpg]
[themetechmount.com/html/nutricare/images/bg-image/row-bgimage-9.jpg]
[themetechmount.com/html/nutricare/images/bg-image/row-bgimage-10.jpg]
[themetechmount.com/html/nutricare/images/bg-image/row-bgimage-11.jpg]
[themetechmount.com/html/nutricare/images/bg-image/row-bgimage-12.jpg]
[themetechmount.com/html/nutricare/images/bg-image/row-bgimage-13.jpg]
[themetechmount.com/html/nutricare/images/bg-image/row-bgimage-14.jpg]
[themetechmount.com/html/nutricare/images/bg-image/row-bgimage-15.png]
[themetechmount.com/html/nutricare/images/bg-image/col-bgimage-1.jpg]
[themetechmount.com/html/nutricare/images/bg-image/col-bgimage-2.jpg]
[themetechmount.com/html/nutricare/images/bg-image/col-bgimage-3.jpg]
[themetechmount.com/html/nutricare/images/bg-image/col-bgimage-4.jpg]
[themetechmount.com/html/nutricare/images/bg-image/col-bgimage-5.jpg]
[themetechmount.com/html/nutricare/images/bg-image/col-bgimage-6.jpg]
[themetechmount.com/html/nutricare/images/bg-image/col-bgimage-7.jpg]
[themetechmount.com/html/nutricare/images/bg-image/col-bgimage-8.jpg]
[themetechmount.com/html/nutricare/images/bg-image/col-bgimage-10.jpg]
[themetechmount.com/html/nutricare/images/bg-image/col-bgimage-11.jpg]
[themetechmount.com/html/nutricare/images/bg-image/col-bgimage-12.jpg]
[themetechmount.com/html/nutricare/images/bg-image/col-bgimage-13.jpg]
[themetechmount.com/html/nutricare/images/bg-image/col-bgimage-14.jpg]
[themetechmount.com/html/nutricare/images/bg-image/col-bgimage-15.jpg]
[themetechmount.com/html/nutricare/images/bg-image/col-bgimage-16.jpg]
[themetechmount.com/html/nutricare/images/bg-image/col-bgimage-17.jpg]
[themetechmount.com/html/nutricare/images/bg-image/col-bgimage-18.jpg]
[themetechmount.com/html/nutricare/images/bg-image/col-bgimage-19.jpg]
[themetechmount.com/html/nutricare/images/bg-image/col-bgimage-20.png]
[themetechmount.com/html/nutricare/images/bg-image/col-bgimage-21.png]
[themetechmount.com/html/nutricare/images/proccess-box-arrow.png]
[themetechmount.com/html/nutricare/images/process-icon-img1.png]
[themetechmount.com/html/nutricare/images/quote_1.png]
[themetechmount.com/html/nutricare/css/shortcodes.css]
[themetechmount.com/html/nutricare/images/pattern-one.png]
[themetechmount.com/html/nutricare/images/pre-loader-1.gif]
[themetechmount.com/html/nutricare/images/ttm-pagetitle-bg.jpg]
[themetechmount.com/html/nutricare/css/main.css]
[themetechmount.com/html/nutricare/images/info-left-arrow.png]
[themetechmount.com/html/nutricare/images/info-right-arrow.png]
[themetechmount.com/html/nutricare/css/responsive.css]
[themetechmount.com/html/nutricare/images/author-img.jpg]
[themetechmount.com/html/nutricare/images/author-sign.png]
[themetechmount.com/html/nutricare/images/slides/slider-mainbg-002.jpg]
[themetechmount.com/html/nutricare/images/single-img-one.png]
[themetechmount.com/html/nutricare/images/single-img-two.jpg]
[themetechmount.com/html/nutricare/images/blog/01.jpg]
[themetechmount.com/html/nutricare/images/single-img-three.jpg]
[themetechmount.com/html/nutricare/index.html]
[themetechmount.com/html/nutricare/images/slides/slider-mainbg-004.jpg]
[themetechmount.com/html/nutricare/images/slides/slider-mainbg-005.jpg]
[themetechmount.com/html/nutricare/images/team-member/team-img01.jpg]
[themetechmount.com/html/nutricare/team-details.html]
[themetechmount.com/html/nutricare/images/team-member/team-img02.jpg]
[themetechmount.com/html/nutricare/images/team-member/team-img03.jpg]
[themetechmount.com/html/nutricare/images/team-member/team-img04.jpg]
[themetechmount.com/html/nutricare/images/team-member/team-img05.jpg]
[themetechmount.com/html/nutricare/images/team-member/team-img06.jpg]
[themetechmount.com/html/nutricare/images/team-member/team-img07.jpg]
[themetechmount.com/html/nutricare/images/step-one.jpg]
[themetechmount.com/html/nutricare/images/step-two.jpg]
[themetechmount.com/html/nutricare/images/step-three.jpg]
[themetechmount.com/html/nutricare/images/step-four.jpg]
[themetechmount.com/html/nutricare/images/before-after-img-1.jpg]
[themetechmount.com/html/nutricare/images/before-after-img-2.jpg]
[themetechmount.com/html/nutricare/images/single-img-four.png]
[themetechmount.com/html/nutricare/home-2.html]
[themetechmount.com/html/nutricare/home-3.html]
[themetechmount.com/html/nutricare/images/slides/slider-mainbg-010.jpg]
[themetechmount.com/html/nutricare/images/slides/slider-mainbg-011.jpg]
[themetechmount.com/html/nutricare/images/single-img-13.png]
[themetechmount.com/html/nutricare/images/single-img-ten.png]
[themetechmount.com/html/nutricare/images/blog/post-01.jpg]
[themetechmount.com/html/nutricare/images/blog/post-02.jpg]
[themetechmount.com/html/nutricare/images/blog/post-03.jpg]
[themetechmount.com/html/nutricare/images/single-img-12.png]
[themetechmount.com/html/nutricare/images/blog/10.jpg]
[themetechmount.com/html/nutricare/home-4.html]
[themetechmount.com/html/nutricare/images/slides/vector-banner-01.jpg]
[themetechmount.com/html/nutricare/images/vector-banner-single_img1.png]
[themetechmount.com/html/nutricare/images/vector-banner-single_img2.png]
[themetechmount.com/html/nutricare/images/single-img-14.png]
[themetechmount.com/html/nutricare/images/single-img-15.png]
[themetechmount.com/html/nutricare/images/single-img-16.png]
[themetechmount.com/html/nutricare/images/tab_img1.png]
[themetechmount.com/html/nutricare/images/blog/blog-01-620x768.jpg]
[themetechmount.com/html/nutricare/images/blog/blog-02-620x768.jpg]
[themetechmount.com/html/nutricare/home-5.html]
[themetechmount.com/html/nutricare/images/logo-white.png]
[themetechmount.com/html/nutricare/header-overlay.html]
[themetechmount.com/html/nutricare/images/single-img-five.jpg]
[themetechmount.com/html/nutricare/images/author-sign-skincolor.png]
[themetechmount.com/html/nutricare/aboutus-1.html]
[themetechmount.com/html/nutricare/images/single-img-six.jpg]
[themetechmount.com/html/nutricare/aboutus-2.html]
[themetechmount.com/html/nutricare/images/single-img-eight.jpg]
[themetechmount.com/html/nutricare/images/single-img-twel.jpg]
[themetechmount.com/html/nutricare/images/single-img-thirteen.jpg]
[themetechmount.com/html/nutricare/services.html]
[themetechmount.com/html/nutricare/images/team-member/team-img11.jpg]
[themetechmount.com/html/nutricare/our-team.html]
[themetechmount.com/html/nutricare/images/single-img-fourteen.jpg]
[themetechmount.com/html/nutricare/images/single-img-fifteen.jpg]
[themetechmount.com/html/nutricare/images/single-img-sixteen.jpg]
[themetechmount.com/html/nutricare/images/single-img-seventeen.jpg]
[themetechmount.com/html/nutricare/images/single-img-eightteen.jpg]
[themetechmount.com/html/nutricare/success-story.html]
[themetechmount.com/html/nutricare/images/single-img-nineteen.jpg]
[themetechmount.com/html/nutricare/classes.html]
[themetechmount.com/html/nutricare/images/single-img-twenty.jpg]
[themetechmount.com/html/nutricare/images/single-img-twentyone.jpg]
[themetechmount.com/html/nutricare/meal-plan.html]
[themetechmount.com/html/nutricare/contact-us.html]
[themetechmount.com/html/nutricare/faq.html]
[themetechmount.com/html/nutricare/error.html]
[themetechmount.com/html/nutricare/images/portfolio/post-01.jpg]
[themetechmount.com/html/nutricare/images/portfolio/post-02.jpg]
[themetechmount.com/html/nutricare/images/portfolio/06.jpg]
[themetechmount.com/html/nutricare/images/portfolio/07.jpg]
[themetechmount.com/html/nutricare/images/portfolio/08.jpg]
[themetechmount.com/html/nutricare/images/portfolio/09.jpg]
[themetechmount.com/html/nutricare/images/portfolio/10.jpg]
[themetechmount.com/html/nutricare/element.html]
[themetechmount.com/html/nutricare/images/portfolio/post-one.jpg]
[themetechmount.com/html/nutricare/images/widget-banner.jpg]
[themetechmount.com/html/nutricare/personalized-nutrition.html]
[themetechmount.com/html/nutricare/images/portfolio/post-two.jpg]
[themetechmount.com/html/nutricare/images/portfolio/post-three.jpg]
[themetechmount.com/html/nutricare/weight-loss-programs.html]
[themetechmount.com/html/nutricare/images/portfolio/post-four.jpg]
[themetechmount.com/html/nutricare/workout-routines.html]
[themetechmount.com/html/nutricare/images/portfolio/post-five.jpg]
[themetechmount.com/html/nutricare/images/portfolio/post-six.jpg]
[themetechmount.com/html/nutricare/images/portfolio/post-seven.jpg]
[themetechmount.com/html/nutricare/images/portfolio/post-eight.jpg]
[themetechmount.com/html/nutricare/sports-nutritionist.html]
[themetechmount.com/html/nutricare/images/portfolio/post-nine.jpg]
[themetechmount.com/html/nutricare/individual-coaching.html]
[themetechmount.com/html/nutricare/images/portfolio/post-ten.jpg]
[themetechmount.com/html/nutricare/child-nutrition.html]
[themetechmount.com/html/nutricare/images/portfolio/11.jpg]
[themetechmount.com/html/nutricare/images/portfolio/12.jpg]
[themetechmount.com/html/nutricare/images/portfolio/13.jpg]
[themetechmount.com/html/nutricare/portfolio-style-1.html]
[themetechmount.com/html/nutricare/images/portfolio/14.jpg]
[themetechmount.com/html/nutricare/portfolio-style-2.html]
[themetechmount.com/html/nutricare/portfolio-style-3.html]
[themetechmount.com/html/nutricare/images/blog/post-5.jpg]
[themetechmount.com/html/nutricare/images/blog/post-6.jpg]
[themetechmount.com/html/nutricare/images/blog/post-7.jpg]
[themetechmount.com/html/nutricare/images/blog/post-8.jpg]
[themetechmount.com/html/nutricare/images/blog/post-10.jpg]
[themetechmount.com/html/nutricare/images/blog/post-9.jpg]
[themetechmount.com/html/nutricare/images/blog/post-11.jpg]
[themetechmount.com/html/nutricare/images/blog/post-4.jpg]
[themetechmount.com/html/nutricare/images/flicker/01.jpg]
[themetechmount.com/html/nutricare/images/flicker/02.jpg]
[themetechmount.com/html/nutricare/images/flicker/03.jpg]
[themetechmount.com/html/nutricare/images/flicker/04.jpg]
[themetechmount.com/html/nutricare/images/flicker/05.jpg]
[themetechmount.com/html/nutricare/images/flicker/06.jpg]
[themetechmount.com/html/nutricare/images/flicker/07.jpg]
[themetechmount.com/html/nutricare/images/flicker/08.jpg]
[themetechmount.com/html/nutricare/images/flicker/09.jpg]
[themetechmount.com/html/nutricare/blog.html]
[themetechmount.com/html/nutricare/blog-grid.html]
[themetechmount.com/html/nutricare/images/blog/blog-1.jpg]
[themetechmount.com/html/nutricare/images/blog/blog-2.jpg]
[themetechmount.com/html/nutricare/images/blog/blog-3.jpg]
[themetechmount.com/html/nutricare/images/blog/blog-4.jpg]
[themetechmount.com/html/nutricare/images/blog/blog-7.jpg]
[themetechmount.com/html/nutricare/images/blog/blog-6.jpg]
[themetechmount.com/html/nutricare/images/blog/blog-5.jpg]
[themetechmount.com/html/nutricare/images/blog/blog-9.jpg]
[themetechmount.com/html/nutricare/images/blog/blog-8.jpg]
[themetechmount.com/html/nutricare/blog-left-image.html]
[themetechmount.com/html/nutricare/images/blog/blog-10.jpg]
[themetechmount.com/html/nutricare/images/blog/single-post-one.jpg]
[themetechmount.com/html/nutricare/images/blog/blog-comment-01.jpg]
[themetechmount.com/html/nutricare/images/blog/blog-comment-02.jpg]
[themetechmount.com/html/nutricare/single-blog.html]
[themetechmount.com/html/nutricare/images/slides/slider-mainbg-007.jpg]
[themetechmount.com/html/nutricare/images/slides/slider-mainbg-009.png]
[themetechmount.com/html/nutricare/images/slides/slider-mainbg-008.jpg]
[themetechmount.com/html/nutricare/images/banner-one.jpg]
[themetechmount.com/html/nutricare/images/banner-two.jpg]
[themetechmount.com/html/nutricare/images/banner-three.jpg]
[themetechmount.com/html/nutricare/images/product/product-one.jpg]
[themetechmount.com/html/nutricare/images/product/product-two.jpg]
[themetechmount.com/html/nutricare/images/product/product-three.jpg]
[themetechmount.com/html/nutricare/images/product/product-four.jpg]
[themetechmount.com/html/nutricare/images/product/product-five.jpg]
[themetechmount.com/html/nutricare/images/product/product-six.jpg]
[themetechmount.com/html/nutricare/images/product/product-seven.jpg]
[themetechmount.com/html/nutricare/images/product/product-eight.jpg]
[themetechmount.com/html/nutricare/home-shop.html]
[themetechmount.com/html/nutricare/images/product/product-nine.jpg]
[themetechmount.com/html/nutricare/images/product/product-ten.jpg]
[themetechmount.com/html/nutricare/shop.html]
[themetechmount.com/html/nutricare/product-details.html]
[themetechmount.com/html/nutricare/images/pay-paypal-img.png]
[themetechmount.com/html/nutricare/cart.html]
[themetechmount.com/html/nutricare/images/paypal.png]
[themetechmount.com/html/nutricare/checkout.html]
[themetechmount.com/html/nutricare/js/jquery.min.js]
[themetechmount.com/html/nutricare/js/tether.min.js]
[themetechmount.com/html/nutricare/js/bootstrap.min.js]
[themetechmount.com/html/nutricare/js/jquery.easing.js]
[themetechmount.com/html/nutricare/js/jquery-waypoints.js]
[themetechmount.com/html/nutricare/js/jquery-validate.js]
[themetechmount.com/html/nutricare/js/owl.carousel.js]
[themetechmount.com/html/nutricare/js/jquery.prettyPhoto.js]
[themetechmount.com/html/nutricare/js/numinate.min6959.js]
[themetechmount.com/html/nutricare/js/main.js]
[themetechmount.com/html/nutricare/revolution/js/jquery.themepunch.tools.min.js]
[themetechmount.com/html/nutricare/revolution/js/jquery.themepunch.revolution.min.js]
[themetechmount.com/html/nutricare/revolution/js/slider.js]
[themetechmount.com/html/nutricare/revolution/js/extensions/revolution.extension.actions.min.js]
[themetechmount.com/html/nutricare/revolution/js/extensions/revolution.extension.carousel.min.js]
[themetechmount.com/html/nutricare/revolution/js/extensions/revolution.extension.kenburn.min.js]
[themetechmount.com/html/nutricare/revolution/js/extensions/revolution.extension.layeranimation.min.js]
[themetechmount.com/html/nutricare/revolution/js/extensions/revolution.extension.migration.min.js]
[themetechmount.com/html/nutricare/revolution/js/extensions/revolution.extension.navigation.min.js]
[themetechmount.com/html/nutricare/revolution/js/extensions/revolution.extension.parallax.min.js]
[themetechmount.com/html/nutricare/revolution/js/extensions/revolution.extension.slideanims.min.js]
[themetechmount.com/html/nutricare/fonts/fontawesome-webfont3e6e.svg]
[themetechmount.com/html/nutricare/fonts/themify9f24.svg]
[themetechmount.com/html/nutricare/fonts/Flaticon.svg]
[themetechmount.com/html/nutricare/revolution/fonts/revicons/revicons90c690c6.svg]
[themetechmount.com/html/nutricare/revolution/css/openhand.html]
[themetechmount.com/html/nutricare/revolution/css/closedhand.html]
[themetechmount.com/html/nutricare/revolution/assets/gridtile.html]
[themetechmount.com/html/nutricare/revolution/assets/gridtile_white.html]
[themetechmount.com/html/nutricare/revolution/assets/gridtile_3x3.html]
[themetechmount.com/html/nutricare/revolution/assets/gridtile_3x3_white.html]
[themetechmount.com/html/nutricare/revolution/assets/coloredbg.html]
[themetechmount.com/html/nutricare/images/quote_2.svg]
[themetechmount.com/html/nutricare/images/quote.svg]
[themetechmount.com/html/nutricare/team-details.html]
[themetechmount.com/html/nutricare/revolution/js/extensions/revolution.extension.video.min.js]
[themetechmount.com/html/nutricare/You must include the utils.js file before tether.html]
[themetechmount.com/html/nutricare/youtu.be/index.html]
[themetechmount.com/html/nutricare/TweenLite.html]
[themetechmount.com/html/TweenLite.html]
[themetechmount.com/html/nutricare/Version/index.html]
[themetechmount.com/html/nutricare/themepunch.revolution.min.html]
[themetechmount.com/html/nutricare/jquery.themepunch.revolution.min.html]
[themetechmount.com/html/nutricare/jquery.themepunch.revolution.html]
[themetechmount.com/html/nutricare/images/transparent.html]
[themetechmount.com/html/nutricare/assets/transparent.html]
[player.vimeo.com/api/player.js]
